[    0.000000] Initializing cgroup subsys cpuset
[    0.000000] Initializing cgroup subsys cpu
[    0.000000] Initializing cgroup subsys cpuacct
[    0.000000] Linux version 4.4.0-146-generic (buildd@lcy01-amd64-025) (gcc version 5.4.0 20160609 (Ubuntu 5.4.0-6ubuntu1~16.04.10) ) #172-Ubuntu SMP Wed Apr 3 09:00:08 UTC 2019 (Ubuntu 4.4.0-146.172-generic 4.4.177)
[    0.000000] Command line: BOOT_IMAGE=/boot/vmlinuz-4.4.0-146-generic root=LABEL=cloudimg-rootfs ro console=tty1 console=ttyS0
[    0.000000] KERNEL supported cpus:
[    0.000000]   Intel GenuineIntel
[    0.000000]   AMD AuthenticAMD
[    0.000000]   Centaur CentaurHauls
[    0.000000] x86/fpu: xstate_offset[2]:  576, xstate_sizes[2]:  256
[    0.000000] x86/fpu: Supporting XSAVE feature 0x01: 'x87 floating point registers'
[    0.000000] x86/fpu: Supporting XSAVE feature 0x02: 'SSE registers'
[    0.000000] x86/fpu: Supporting XSAVE feature 0x04: 'AVX registers'
[    0.000000] x86/fpu: Enabled xstate features 0x7, context size is 832 bytes, using 'standard' format.
[    0.000000] e820: BIOS-provided physical RAM map:
[    0.000000] BIOS-e820: [mem 0x0000000000000000-0x000000000009fbff] usable
[    0.000000] BIOS-e820: [mem 0x000000000009fc00-0x000000000009ffff] reserved
[    0.000000] BIOS-e820: [mem 0x00000000000f0000-0x00000000000fffff] reserved
[    0.000000] BIOS-e820: [mem 0x0000000000100000-0x000000003ffeffff] usable
[    0.000000] BIOS-e820: [mem 0x000000003fff0000-0x000000003fffffff] ACPI data
[    0.000000] BIOS-e820: [mem 0x00000000fec00000-0x00000000fec00fff] reserved
[    0.000000] BIOS-e820: [mem 0x00000000fee00000-0x00000000fee00fff] reserved
[    0.000000] BIOS-e820: [mem 0x00000000fffc0000-0x00000000ffffffff] reserved
[    0.000000] NX (Execute Disable) protection: active
[    0.000000] SMBIOS 2.5 present.
[    0.000000] Hypervisor detected: KVM
[    0.000000] e820: last_pfn = 0x3fff0 max_arch_pfn = 0x400000000
[    0.000000] MTRR: Disabled
[    0.000000] x86/PAT: MTRRs disabled, skipping PAT initialization too.
[    0.000000] CPU MTRRs all blank - virtualized system.
[    0.000000] x86/PAT: Configuration [0-7]: WB  WT  UC- UC  WB  WT  UC- UC  
[    0.000000] found SMP MP-table at [mem 0x0009fff0-0x0009ffff] mapped at [ffff88000009fff0]
[    0.000000] Scanning 1 areas for low memory corruption
[    0.000000] RAMDISK: [mem 0x362fa000-0x37174fff]
[    0.000000] ACPI: Early table checksum verification disabled
[    0.000000] ACPI: RSDP 0x00000000000E0000 000024 (v02 VBOX  )
[    0.000000] ACPI: XSDT 0x000000003FFF0030 00003C (v01 VBOX   VBOXXSDT 00000001 ASL  00000061)
[    0.000000] ACPI: FACP 0x000000003FFF00F0 0000F4 (v04 VBOX   VBOXFACP 00000001 ASL  00000061)
[    0.000000] ACPI: DSDT 0x000000003FFF0470 0022EA (v02 VBOX   VBOXBIOS 00000002 INTL 20100528)
[    0.000000] ACPI: FACS 0x000000003FFF0200 000040
[    0.000000] ACPI: FACS 0x000000003FFF0200 000040
[    0.000000] ACPI: APIC 0x000000003FFF0240 00005C (v02 VBOX   VBOXAPIC 00000001 ASL  00000061)
[    0.000000] ACPI: SSDT 0x000000003FFF02A0 0001CC (v01 VBOX   VBOXCPUT 00000002 INTL 20100528)
[    0.000000] No NUMA configuration found
[    0.000000] Faking a node at [mem 0x0000000000000000-0x000000003ffeffff]
[    0.000000] NODE_DATA(0) allocated [mem 0x3ffeb000-0x3ffeffff]
[    0.000000] kvm-clock: Using msrs 4b564d01 and 4b564d00
[    0.000000] kvm-clock: cpu 0, msr 0:3ffe3001, primary cpu clock
[    0.000000] kvm-clock: using sched offset of 3384172830 cycles
[    0.000000] clocksource: kvm-clock: mask: 0xffffffffffffffff max_cycles: 0x1cd42e4dffb, max_idle_ns: 881590591483 ns
[    0.000000] Zone ranges:
[    0.000000]   DMA      [mem 0x0000000000001000-0x0000000000ffffff]
[    0.000000]   DMA32    [mem 0x0000000001000000-0x000000003ffeffff]
[    0.000000]   Normal   empty
[    0.000000]   Device   empty
[    0.000000] Movable zone start for each node
[    0.000000] Early memory node ranges
[    0.000000]   node   0: [mem 0x0000000000001000-0x000000000009efff]
[    0.000000]   node   0: [mem 0x0000000000100000-0x000000003ffeffff]
[    0.000000] Initmem setup node 0 [mem 0x0000000000001000-0x000000003ffeffff]
[    0.000000] ACPI: PM-Timer IO Port: 0x4008
[    0.000000] IOAPIC[0]: apic_id 2, version 32, address 0xfec00000, GSI 0-23
[    0.000000] ACPI: INT_SRC_OVR (bus 0 bus_irq 0 global_irq 2 dfl dfl)
[    0.000000] ACPI: INT_SRC_OVR (bus 0 bus_irq 9 global_irq 9 low level)
[    0.000000] Using ACPI (MADT) for SMP configuration information
[    0.000000] smpboot: Allowing 2 CPUs, 0 hotplug CPUs
[    0.000000] PM: Registered nosave memory: [mem 0x00000000-0x00000fff]
[    0.000000] PM: Registered nosave memory: [mem 0x0009f000-0x0009ffff]
[    0.000000] PM: Registered nosave memory: [mem 0x000a0000-0x000effff]
[    0.000000] PM: Registered nosave memory: [mem 0x000f0000-0x000fffff]
[    0.000000] e820: [mem 0x40000000-0xfebfffff] available for PCI devices
[    0.000000] Booting paravirtualized kernel on KVM
[    0.000000] clocksource: refined-jiffies: mask: 0xffffffff max_cycles: 0xffffffff, max_idle_ns: 7645519600211568 ns
[    0.000000] setup_percpu: NR_CPUS:512 nr_cpumask_bits:512 nr_cpu_ids:2 nr_node_ids:1
[    0.000000] PERCPU: Embedded 34 pages/cpu @ffff88003fc00000 s99480 r8192 d31592 u1048576
[    0.000000] Built 1 zonelists in Node order, mobility grouping on.  Total pages: 257912
[    0.000000] Policy zone: DMA32
[    0.000000] Kernel command line: BOOT_IMAGE=/boot/vmlinuz-4.4.0-146-generic root=LABEL=cloudimg-rootfs ro console=tty1 console=ttyS0
[    0.000000] PID hash table entries: 4096 (order: 3, 32768 bytes)
[    0.000000] Memory: 997732K/1048120K available (8609K kernel code, 1334K rwdata, 4028K rodata, 1484K init, 1284K bss, 50388K reserved, 0K cma-reserved)
[    0.000000] SLUB: HWalign=64, Order=0-3, MinObjects=0, CPUs=2, Nodes=1
[    0.000000] Kernel/User page tables isolation: enabled
[    0.000000] Hierarchical RCU implementation.
[    0.000000] 	Build-time adjustment of leaf fanout to 64.
[    0.000000] 	RCU restricting CPUs from NR_CPUS=512 to nr_cpu_ids=2.
[    0.000000] RCU: Adjusting geometry for rcu_fanout_leaf=64, nr_cpu_ids=2
[    0.000000] NR_IRQS:33024 nr_irqs:440 16
[    0.000000] Console: colour VGA+ 80x25
[    0.000000] console [tty1] enabled
[    0.000000] console [ttyS0] enabled
[    0.000000] tsc: Detected 2793.532 MHz processor
[    0.145671] Calibrating delay loop (skipped) preset value.. 5587.06 BogoMIPS (lpj=11174128)
[    0.147504] pid_max: default: 32768 minimum: 301
[    0.148444] ACPI: Core revision 20150930
[    0.149977] ACPI: 2 ACPI AML tables successfully acquired and loaded
[    0.151348] Security Framework initialized
[    0.152180] Yama: becoming mindful.
[    0.152956] AppArmor: AppArmor initialized
[    0.153875] Dentry cache hash table entries: 131072 (order: 8, 1048576 bytes)
[    0.157244] Inode-cache hash table entries: 65536 (order: 7, 524288 bytes)
[    0.158620] Mount-cache hash table entries: 2048 (order: 2, 16384 bytes)
[    0.159907] Mountpoint-cache hash table entries: 2048 (order: 2, 16384 bytes)
[    0.161358] Initializing cgroup subsys io
[    0.162206] Initializing cgroup subsys memory
[    0.163075] Initializing cgroup subsys devices
[    0.163983] Initializing cgroup subsys freezer
[    0.164901] Initializing cgroup subsys net_cls
[    0.165826] Initializing cgroup subsys perf_event
[    0.166826] Initializing cgroup subsys net_prio
[    0.167792] Initializing cgroup subsys hugetlb
[    0.168677] Initializing cgroup subsys pids
[    0.170463] mce: CPU supports 0 MCE banks
[    0.171426] Last level iTLB entries: 4KB 1024, 2MB 1024, 4MB 1024
[    0.172820] Last level dTLB entries: 4KB 1024, 2MB 1024, 4MB 1024, 1GB 4
[    0.174348] Spectre V2 : Mitigation: Full generic retpoline
[    0.175428] Spectre V2 : Spectre v2 / SpectreRSB mitigation: Filling RSB on context switch
[    0.177491] Speculative Store Bypass: Vulnerable
[    0.180723] Freeing SMP alternatives memory: 36K
[    0.186420] ftrace: allocating 32287 entries in 127 pages
[    0.239928] smpboot: APIC(0) Converting physical 0 to logical package 0
[    0.241520] smpboot: Max logical packages: 1
[    0.242761] x2apic enabled
[    0.243682] Switched APIC routing to physical x2apic.
[    0.245779] ..TIMER: vector=0x30 apic1=0 pin1=2 apic2=-1 pin2=-1
[    0.353618] smpboot: CPU0: Intel(R) Core(TM) i7-4980HQ CPU @ 2.80GHz (family: 0x6, model: 0x46, stepping: 0x1)
[    0.355908] Performance Events: unsupported p6 CPU model 70 no PMU driver, software events only.
[    0.367103] KVM setup paravirtual spinlock
[    0.368836] x86: Booting SMP configuration:
[    0.369841] .... node  #0, CPUs:      #1
[    0.370855] kvm-clock: cpu 1, msr 0:3ffe3041, secondary cpu clock
[    0.372610] mce: CPU supports 0 MCE banks
[    0.375261] x86: Booted up 1 node, 2 CPUs
[    0.376481] smpboot: Total of 2 processors activated (11174.12 BogoMIPS)
[    0.378381] devtmpfs: initialized
[    0.380099] evm: security.selinux
[    0.380847] evm: security.SMACK64
[    0.381673] evm: security.SMACK64EXEC
[    0.382490] evm: security.SMACK64TRANSMUTE
[    0.383323] evm: security.SMACK64MMAP
[    0.384283] evm: security.ima
[    0.385029] evm: security.capability
[    0.386135] clocksource: jiffies: mask: 0xffffffff max_cycles: 0xffffffff, max_idle_ns: 7645041785100000 ns
[    0.388318] futex hash table entries: 512 (order: 3, 32768 bytes)
[    0.389686] pinctrl core: initialized pinctrl subsystem
[    0.390855] RTC time: 23:37:06, date: 07/08/19
[    0.391914] NET: Registered protocol family 16
[    0.401223] cpuidle: using governor ladder
[    0.414227] cpuidle: using governor menu
[    0.416268] PCCT header not found.
[    0.417590] ACPI: bus type PCI registered
[    0.418719] acpiphp: ACPI Hot Plug PCI Controller Driver version: 0.5
[    0.420549] PCI: Using configuration type 1 for base access
[    0.434091] ACPI: Added _OSI(Module Device)
[    0.435448] ACPI: Added _OSI(Processor Device)
[    0.436669] ACPI: Added _OSI(3.0 _SCP Extensions)
[    0.437928] ACPI: Added _OSI(Processor Aggregator Device)
[    0.440062] ACPI: Executed 1 blocks of module-level executable AML code
[    0.443425] ACPI: Interpreter enabled
[    0.444264] ACPI: (supports S0 S5)
[    0.445055] ACPI: Using IOAPIC for interrupt routing
[    0.446182] PCI: Using host bridge windows from ACPI; if necessary, use "pci=nocrs" and report a bug
[    0.451625] ACPI: PCI Root Bridge [PCI0] (domain 0000 [bus 00-ff])
[    0.452801] acpi PNP0A03:00: _OSC: OS supports [ASPM ClockPM Segments MSI]
[    0.454353] acpi PNP0A03:00: _OSC: not requesting OS control; OS requires [ExtendedConfig ASPM ClockPM MSI]
[    0.456549] acpi PNP0A03:00: fail to add MMCONFIG information, can't access extended PCI configuration space under this bridge.
[    0.459360] PCI host bridge to bus 0000:00
[    0.460238] pci_bus 0000:00: root bus resource [io  0x0000-0x0cf7 window]
[    0.461504] pci_bus 0000:00: root bus resource [io  0x0d00-0xffff window]
[    0.462780] pci_bus 0000:00: root bus resource [mem 0x000a0000-0x000bffff window]
[    0.464371] pci_bus 0000:00: root bus resource [mem 0x40000000-0xfdffffff window]
[    0.465912] pci_bus 0000:00: root bus resource [bus 00-ff]
[    0.469253] pci 0000:00:01.1: legacy IDE quirk: reg 0x10: [io  0x01f0-0x01f7]
[    0.470579] pci 0000:00:01.1: legacy IDE quirk: reg 0x14: [io  0x03f6]
[    0.471869] pci 0000:00:01.1: legacy IDE quirk: reg 0x18: [io  0x0170-0x0177]
[    0.473718] pci 0000:00:01.1: legacy IDE quirk: reg 0x1c: [io  0x0376]
[    0.488029] pci 0000:00:07.0: quirk: [io  0x4000-0x403f] claimed by PIIX4 ACPI
[    0.489604] pci 0000:00:07.0: quirk: [io  0x4100-0x410f] claimed by PIIX4 SMB
[    0.507155] ACPI: PCI Interrupt Link [LNKA] (IRQs 5 9 10 *11)
[    0.509306] ACPI: PCI Interrupt Link [LNKB] (IRQs 5 9 *10 11)
[    0.510956] ACPI: PCI Interrupt Link [LNKC] (IRQs 5 *9 10 11)
[    0.512558] ACPI: PCI Interrupt Link [LNKD] (IRQs 5 9 10 *11)
[    0.514204] ACPI: Enabled 2 GPEs in block 00 to 07
[    0.515590] vgaarb: setting as boot device: PCI:0000:00:02.0
[    0.516837] vgaarb: device added: PCI:0000:00:02.0,decodes=io+mem,owns=io+mem,locks=none
[    0.518814] vgaarb: loaded
[    0.519572] vgaarb: bridge control possible 0000:00:02.0
[    0.520910] SCSI subsystem initialized
[    0.521859] ACPI: bus type USB registered
[    0.522739] usbcore: registered new interface driver usbfs
[    0.523799] usbcore: registered new interface driver hub
[    0.524970] usbcore: registered new device driver usb
[    0.526221] PCI: Using ACPI for IRQ routing
[    0.527439] NetLabel: Initializing
[    0.528193] NetLabel:  domain hash size = 128
[    0.529153] NetLabel:  protocols = UNLABELED CIPSOv4
[    0.531942] NetLabel:  unlabeled traffic allowed by default
[    0.533205] amd_nb: Cannot enumerate AMD northbridges
[    0.534290] clocksource: Switched to clocksource kvm-clock
[    0.544583] AppArmor: AppArmor Filesystem Enabled
[    0.545662] pnp: PnP ACPI init
[    0.547476] pnp: PnP ACPI: found 3 devices
[    0.557567] clocksource: acpi_pm: mask: 0xffffff max_cycles: 0xffffff, max_idle_ns: 2085701024 ns
[    0.559427] NET: Registered protocol family 2
[    0.560477] TCP established hash table entries: 8192 (order: 4, 65536 bytes)
[    0.561806] TCP bind hash table entries: 8192 (order: 5, 131072 bytes)
[    0.563194] TCP: Hash tables configured (established 8192 bind 8192)
[    0.564592] UDP hash table entries: 512 (order: 2, 16384 bytes)
[    0.565850] UDP-Lite hash table entries: 512 (order: 2, 16384 bytes)
[    0.567150] NET: Registered protocol family 1
[    0.568140] pci 0000:00:00.0: Limiting direct PCI/PCI transfers
[    0.569312] pci 0000:00:01.0: Activating ISA DMA hang workarounds
[    0.570619] Unpacking initramfs...
[    0.770031] Freeing initrd memory: 14828K
[    0.771060] platform rtc_cmos: registered platform RTC device (no PNP device found)
[    0.772743] Scanning for low memory corruption every 60 seconds
[    0.774436] audit: initializing netlink subsys (disabled)
[    0.775713] audit: type=2000 audit(1562629032.095:1): initialized
[    0.777257] Initialise system trusted keyring
[    0.778391] HugeTLB registered 2 MB page size, pre-allocated 0 pages
[    0.780613] zbud: loaded
[    0.781573] VFS: Disk quotas dquot_6.6.0
[    0.782423] VFS: Dquot-cache hash table entries: 512 (order 0, 4096 bytes)
[    0.783948] squashfs: version 4.0 (2009/01/31) Phillip Lougher
[    0.785320] fuse init (API version 7.23)
[    0.786340] Key type big_key registered
[    0.787252] Allocating IMA MOK and blacklist keyrings.
[    0.789804] Key type asymmetric registered
[    0.790805] Asymmetric key parser 'x509' registered
[    0.791830] Block layer SCSI generic (bsg) driver version 0.4 loaded (major 249)
[    0.793689] io scheduler noop registered
[    0.794681] io scheduler deadline registered (default)
[    0.795855] io scheduler cfq registered
[    0.796774] pci_hotplug: PCI Hot Plug PCI Core version: 0.5
[    0.797955] pciehp: PCI Express Hot Plug Controller Driver version: 0.4
[    0.799678] ACPI: AC Adapter [AC] (on-line)
[    0.800736] input: Power Button as /devices/LNXSYSTM:00/LNXPWRBN:00/input/input0
[    0.802632] ACPI: Power Button [PWRF]
[    0.803599] input: Sleep Button as /devices/LNXSYSTM:00/LNXSLPBN:00/input/input1
[    0.805302] ACPI: Sleep Button [SLPF]
[    0.807621] ACPI: Battery Slot [BAT0] (battery present)
[    0.809388] GHES: HEST is not enabled!
[    0.810899] Serial: 8250/16550 driver, 32 ports, IRQ sharing enabled
[    0.833073] 00:02: ttyS0 at I/O 0x3f8 (irq = 4, base_baud = 115200) is a 16550A
[    0.835641] Linux agpgart interface v0.103
[    0.838403] loop: module loaded
[    0.839785] scsi host0: ata_piix
[    0.840849] scsi host1: ata_piix
[    0.841786] ata1: PATA max UDMA/33 cmd 0x1f0 ctl 0x3f6 bmdma 0xd000 irq 14
[    0.843321] ata2: PATA max UDMA/33 cmd 0x170 ctl 0x376 bmdma 0xd008 irq 15
[    0.844717] libphy: Fixed MDIO Bus: probed
[    0.845646] tun: Universal TUN/TAP device driver, 1.6
[    0.846966] tun: (C) 1999-2004 Max Krasnyansky <maxk@qualcomm.com>
[    0.848340] PPP generic driver version 2.4.2
[    0.849274] ehci_hcd: USB 2.0 'Enhanced' Host Controller (EHCI) Driver
[    0.850545] ehci-pci: EHCI PCI platform driver
[    0.851515] ehci-platform: EHCI generic platform driver
[    0.852575] ohci_hcd: USB 1.1 'Open' Host Controller (OHCI) Driver
[    0.853754] ohci-pci: OHCI PCI platform driver
[    0.854691] ohci-platform: OHCI generic platform driver
[    0.855726] uhci_hcd: USB Universal Host Controller Interface driver
[    0.857024] i8042: PNP: PS/2 Controller [PNP0303:PS2K,PNP0f03:PS2M] at 0x60,0x64 irq 1,12
[    0.859166] serio: i8042 KBD port at 0x60,0x64 irq 1
[    0.860162] serio: i8042 AUX port at 0x60,0x64 irq 12
[    0.861352] mousedev: PS/2 mouse device common for all mice
[    0.862967] input: AT Translated Set 2 keyboard as /devices/platform/i8042/serio0/input/input2
[    0.864753] rtc_cmos rtc_cmos: rtc core: registered rtc_cmos as rtc0
[    0.866108] rtc_cmos rtc_cmos: alarms up to one day, 114 bytes nvram
[    0.867359] i2c /dev entries driver
[    0.868187] device-mapper: uevent: version 1.0.3
[    0.869183] device-mapper: ioctl: 4.34.0-ioctl (2015-10-28) initialised: dm-devel@redhat.com
[    0.870937] ledtrig-cpu: registered to indicate activity on CPUs
[    0.872646] NET: Registered protocol family 10
[    0.873793] NET: Registered protocol family 17
[    0.874764] Key type dns_resolver registered
[    0.875839] registered taskstats version 1
[    0.876801] Loading compiled-in X.509 certificates
[    0.878447] Loaded X.509 cert 'Build time autogenerated kernel key: 4dcb2dc2c7cf43e0c20c44384f68683c20294489'
[    0.880570] zswap: loaded using pool lzo/zbud
[    0.882987] Key type trusted registered
[    0.886738] Key type encrypted registered
[    0.887720] AppArmor: AppArmor sha1 policy hashing enabled
[    0.888801] ima: No TPM chip found, activating TPM-bypass!
[    0.889863] ima: Allocated hash algorithm: sha1
[    0.890908] evm: HMAC attrs: 0x1
[    0.892040]   Magic number: 11:628:655
[    0.892950] rtc_cmos rtc_cmos: setting system clock to 2019-07-08 23:37:07 UTC (1562629027)
[    0.894803] BIOS EDD facility v0.16 2004-Jun-25, 0 devices found
[    0.896004] EDD information not available.
[    1.008005] Freeing unused kernel memory: 1484K
[    1.009200] Write protecting the kernel read-only data: 14336k
[    1.011096] Freeing unused kernel memory: 1620K
[    1.012359] Freeing unused kernel memory: 68K
Loading, please wait...
starting version 229
[    1.025153] random: systemd-udevd: uninitialized urandom read (16 bytes read, 2 bits of entropy available)
[    1.025616] random: udevadm: uninitialized urandom read (16 bytes read, 2 bits of entropy available)
[    1.025630] random: udevadm: uninitialized urandom read (16 bytes read, 2 bits of entropy available)
[    1.031352] random: systemd-udevd: uninitialized urandom read (16 bytes read, 2 bits of entropy available)
[    1.031465] random: udevadm: uninitialized urandom read (16 bytes read, 2 bits of entropy available)
[    1.031514] random: udevadm: uninitialized urandom read (16 bytes read, 2 bits of entropy available)
[    1.031665] random: udevadm: uninitialized urandom read (16 bytes read, 2 bits of entropy available)
[    1.031716] random: udevadm: uninitialized urandom read (16 bytes read, 2 bits of entropy available)
[    1.031763] random: udevadm: uninitialized urandom read (16 bytes read, 2 bits of entropy available)
[    1.031799] random: udevadm: uninitialized urandom read (16 bytes read, 2 bits of entropy available)
[    1.073054] Fusion MPT base driver 3.04.20
[    1.073951] Copyright (c) 1999-2008 LSI Corporation
[    1.078592] e1000: Intel(R) PRO/1000 Network Driver - version 7.3.21-k8-NAPI
[    1.080099] e1000: Copyright (c) 1999-2006 Intel Corporation.
[    1.091871] Fusion MPT SPI Host driver 3.04.20
[    1.096564] AVX2 version of gcm_enc/dec engaged.
[    1.097901] AES CTR mode by8 optimization enabled
[    1.289740] input: ImExPS/2 Generic Explorer Mouse as /devices/platform/i8042/serio1/input/input4
[    1.459969] e1000 0000:00:03.0 eth0: (PCI:33MHz:32-bit) 02:6d:cd:79:6e:19
[    1.461279] e1000 0000:00:03.0 eth0: Intel(R) PRO/1000 Network Connection
[    1.463325] mptbase: ioc0: Initiating bringup
[    1.754182] ioc0: LSI53C1030 A0: Capabilities={Initiator}
[    1.771669] tsc: Refined TSC clocksource calibration: 2794.646 MHz
[    1.774021] clocksource: tsc: mask: 0xffffffffffffffff max_cycles: 0x28487f246c9, max_idle_ns: 440795294288 ns
[    2.588657] scsi host2: ioc0: LSI53C1030 A0, FwRev=00000000h, Ports=1, MaxQ=256, IRQ=20
[    3.179181] scsi 2:0:0:0: Direct-Access     VBOX     HARDDISK         1.0  PQ: 0 ANSI: 5
[    3.181848] scsi target2:0:0: Beginning Domain Validation
[    3.185200] scsi target2:0:0: Domain Validation skipping write tests
[    3.186723] scsi target2:0:0: Ending Domain Validation
[    3.187990] scsi target2:0:0: asynchronous
[    3.189490] scsi 2:0:1:0: Direct-Access     VBOX     HARDDISK         1.0  PQ: 0 ANSI: 5
[    3.191205] scsi target2:0:1: Beginning Domain Validation
[    3.194064] scsi target2:0:1: Domain Validation skipping write tests
[    3.195388] scsi target2:0:1: Ending Domain Validation
[    3.196483] scsi target2:0:1: asynchronous
[    3.202599] sd 2:0:0:0: Attached scsi generic sg0 type 0
[    3.203804] sd 2:0:0:0: [sda] 20971520 512-byte logical blocks: (10.7 GB/10.0 GiB)
[    3.213193] sd 2:0:1:0: Attached scsi generic sg1 type 0
[    3.214584] sd 2:0:1:0: [sdb] 20480 512-byte logical blocks: (10.5 MB/10.0 MiB)
[    3.216688] sd 2:0:0:0: [sda] Write Protect is off
[    3.217747] sd 2:0:1:0: [sdb] Write Protect is off
[    3.219164] sd 2:0:1:0: [sdb] Incomplete mode parameter data
[    3.220341] sd 2:0:1:0: [sdb] Assuming drive cache: write through
[    3.221598] sd 2:0:0:0: [sda] Incomplete mode parameter data
[    3.222816] sd 2:0:0:0: [sda] Assuming drive cache: write through
[    3.226215]  sda: sda1
[    3.227797] sd 2:0:1:0: [sdb] Attached SCSI disk
[    3.229138] sd 2:0:0:0: [sda] Attached SCSI disk
[    3.626920] e1000 0000:00:08.0 eth1: (PCI:33MHz:32-bit) 08:00:27:7e:b6:e3
[    3.628398] e1000 0000:00:08.0 eth1: Intel(R) PRO/1000 Network Connection
[    3.630883] e1000 0000:00:08.0 enp0s8: renamed from eth1
[    3.651174] e1000 0000:00:03.0 enp0s3: renamed from eth0
Begin: Loading essential drivers ... [    4.930082] md: linear personality registered for level -1
[    4.933285] md: multipath personality registered for level -4
[    4.936523] md: raid0 personality registered for level 0
[    4.941019] md: raid1 personality registered for level 1
[    5.010403] raid6: sse2x1   gen() 10738 MB/s
[    5.085616] raid6: sse2x1   xor() 10070 MB/s
[    5.155587] raid6: sse2x2   gen() 15502 MB/s
[    5.226527] raid6: sse2x2   xor() 10600 MB/s
[    5.295728] raid6: sse2x4   gen() 17204 MB/s
[    5.362647] raid6: sse2x4   xor() 11690 MB/s
[    5.430315] raid6: avx2x1   gen() 19396 MB/s
[    5.498561] raid6: avx2x2   gen() 24670 MB/s
[    5.566344] raid6: avx2x4   gen() 22411 MB/s
[    5.567584] raid6: using algorithm avx2x2 gen() 24670 MB/s
[    5.568828] raid6: using avx2x2 recovery algorithm
[    5.571328] xor: automatically using best checksumming function:
[    5.610752]    avx       : 34625.000 MB/sec
[    5.612477] async_tx: api initialized (async)
[    5.621398] md: raid6 personality registered for level 6
[    5.622579] md: raid5 personality registered for level 5
[    5.623656] md: raid4 personality registered for level 4
[    5.629873] md: raid10 personality registered for level 10
done.
Begin: Running /scripts/init-premount ... done.
Begin: Mounting root file system ... Begin: Running /scripts/local-top ... done.
Begin: Running /scripts/local-premount ... [    5.656501] Btrfs loaded
Scanning for Btrfs filesystems
done.
Warning: fsck not present, so skipping root file system
[    5.684488] EXT4-fs (sda1): mounted filesystem with ordered data mode. Opts: (null)
done.
Begin: Running /scripts/local-bottom ... done.
Begin: Running /scripts/init-bottom ... done.
[    5.754562] systemd[1]: systemd 229 running in system mode. (+PAM +AUDIT +SELINUX +IMA +APPARMOR +SMACK +SYSVINIT +UTMP +LIBCRYPTSETUP +GCRYPT +GNUTLS +ACL +XZ -LZ4 +SECCOMP +BLKID +ELFUTILS +KMOD -IDN)
[    5.757997] systemd[1]: Detected virtualization oracle.
[    5.759108] systemd[1]: Detected architecture x86-64.

Welcome to [1mUbuntu 16.04.6 LTS[0m!

[    5.763481] systemd[1]: Set hostname to <ubuntu>.
[    5.766144] systemd[1]: Initializing machine ID from random generator.
[    5.767607] systemd[1]: Installed transient /etc/machine-id file.
[    5.861672] systemd[1]: Started Trigger resolvconf update for networkd DNS.
[[0;32m  OK  [0m] Started Trigger resolvconf update for networkd DNS.
[    5.864401] systemd[1]: Reached target System Time Synchronized.
[[0;32m  OK  [0m] Reached target System Time Synchronized.
[    5.866568] systemd[1]: Reached target Swap.
[[0;32m  OK  [0m] Reached target Swap.
[    5.868215] systemd[1]: Listening on Device-mapper event daemon FIFOs.
[[0;32m  OK  [0m] Listening on Device-mapper event daemon FIFOs.
[    5.870694] systemd[1]: Created slice System Slice.
[[0;32m  OK  [0m] Created slice System Slice.
[    5.872580] systemd[1]: Listening on LVM2 poll daemon socket.
[[0;32m  OK  [0m] Listening on LVM2 poll daemon socket.
[    5.874838] systemd[1]: Listening on Journal Audit Socket.
[[0;32m  OK  [0m] Listening on Journal Audit Socket.
[    5.876917] systemd[1]: Listening on Journal Socket.
[[0;32m  OK  [0m] Listening on Journal Socket.
[    5.891067] systemd[1]: Mounting Debug File System...
         Mounting Debug File System...
[    5.899752] systemd[1]: Starting Set console keymap...
         Starting Set console keymap...
[    5.902695] systemd[1]: Mounting POSIX Message Queue File System...
         Mounting POSIX Message Queue File System...
[    5.911287] systemd[1]: Created slice User and Session Slice.
[[0;32m  OK  [0m] Created slice User and Session Slice.
[    5.913510] systemd[1]: Listening on /dev/initctl Compatibility Named Pipe.
[[0;32m  OK  [0m] Listening on /dev/initctl Compatibility Named Pipe.
[    5.942786] systemd[1]: Starting Uncomplicated firewall...
         Starting Uncomplicated firewall...
[    5.946125] systemd[1]: Mounting Huge Pages File System...
         Mounting Huge Pages File System...
[    5.957163] systemd[1]: Starting Load Kernel Modules...
         Starting Load Kernel Modules...
[    5.966776] Loading iSCSI transport class v2.0-870.
[    5.966800] systemd[1]: Listening on LVM2 metadata daemon socket.
[[0;32m  OK  [0m] Listening on LVM2 metadata daemon socket.
[    5.970617] systemd[1]: Starting Monitoring of LVM2 mirrors, snapshots etc. using dmeventd or progress polling...
         Starting Monitoring of LVM2 mirrors... dmeventd or progress polling...
[    5.973997] systemd[1]: Listening on Syslog Socket.
[[0;32m  OK  [0m] Listening on Syslog Socket.
[    5.976234] iscsi: registered transport (tcp)
[    5.977162] systemd[1]: Reached target Slices.
[[0;32m  OK  [0m] Reached target Slices.
[    5.981342] systemd[1]: Listening on udev Control Socket.
[[0;32m  OK  [0m] Listening on udev Control Socket.
[    6.002698] iscsi: registered transport (iser)
[    6.014839] systemd[1]: Starting Nameserver information manager...
         Starting Nameserver information manager...
[    6.018194] systemd[1]: Starting Create list of required static device nodes for the current kernel...
         Starting Create list of required st... nodes for the current kernel...
[    6.026555] systemd[1]: Started Forward Password Requests to Wall Directory Watch.
[[0;32m  OK  [0m] Started Forward Password Requests to Wall Directory Watch.
[    6.029933] systemd[1]: Reached target Encrypted Volumes.
[[0;32m  OK  [0m] Reached target Encrypted Volumes.
[    6.032448] systemd[1]: Set up automount Arbitrary Executable File Formats File System Automount Point.
[[0;32m  OK  [0m] Set up automount Arbitrary Executab...ats File System Automount Point.
[    6.036675] systemd[1]: Created slice system-serial\x2dgetty.slice.
[[0;32m  OK  [0m] Created slice system-serial\x2dgetty.slice.
[    6.039189] systemd[1]: Listening on udev Kernel Socket.
[[0;32m  OK  [0m] Listening on udev Kernel Socket.
[    6.041256] systemd[1]: Listening on Journal Socket (/dev/log).
[[0;32m  OK  [0m] Listening on Journal Socket (/dev/log).
[    6.043781] systemd[1]: Starting Journal Service...
         Starting Journal Service...
[    6.046465] systemd[1]: Starting Remount Root and Kernel File Systems...
         Starting Remount Root and Kernel File Systems...
[    6.051885] EXT4-fs (sda1): re-mounted. Opts: (null)
[    6.058449] systemd[1]: Reached target User and Group Name Lookups.
[[0;32m  OK  [0m] Reached target User and Group Name Lookups.
[    6.061757] systemd[1]: Mounted Debug File System.
[[0;32m  OK  [0m] Mounted Debug File System.
[    6.071416] systemd[1]: Mounted POSIX Message Queue File System.
[[0;32m  OK  [0m] Mounted POSIX Message Queue File System.
[    6.075057] systemd[1]: Mounted Huge Pages File System.
[[0;32m  OK  [0m] Mounted Huge Pages File System.
[    6.077511] systemd[1]: Started Journal Service.
[[0;32m  OK  [0m] Started Journal Service.
[[0;32m  OK  [0m] Started Set console keymap.
[[0;32m  OK  [0m] Started Uncomplicated firewall.
[[0;32m  OK  [0m] Started Load Kernel Modules.
[[0;32m  OK  [0m] Started Create list of required sta...ce nodes for the current kernel.
[[0;32m  OK  [0m] Started Remount Root and Kernel File Systems.
[[0;32m  OK  [0m] Started Nameserver information manager.
[[0;32m  OK  [0m] Started LVM2 metadata daemon.
         Starting udev Coldplug all Devices...
         Starting Load/Save Random Seed...
         Starting Create Static Device Nodes in /dev...
         Starting Apply Kernel Variables...
         Mounting FUSE Control File System...
         Starting Flush Journal to Persistent Storage...
[[0;32m  OK  [0m] Mounted FUSE Control File System.
[[0;32m  OK  [0m] Started Load/Save Random Seed.
[[0;32m  OK  [0m] Started Create Static Device Nodes in /dev.
[[0;32m  OK  [0m] Started Apply Kernel Variables.
[[0;32m  OK  [0m] Started Flush Journal to Persistent Storage.
[[0;32m  OK  [0m] Started udev Coldplug all Devices.
         Starting udev Kernel Device Manager...
[[0;32m  OK  [0m] Started udev Kernel Device Manager.
[[0;32m  OK  [0m] Started Dispatch Password Requests to Console Directory Watch.
[[0;32m  OK  [0m] Found device /dev/ttyS0.
[[0;32m  OK  [0m] Listening on Load/Save RF Kill Switch Status /dev/rfkill Watch.
[[0;32m  OK  [0m] Started Monitoring of LVM2 mirrors,...ng dmeventd or progress polling.
[[0;32m  OK  [0m] Reached target Local File Systems (Pre).
[[0;32m  OK  [0m] Reached target Local File Systems.
         Starting Commit a transient machine-id on disk...
         Starting LSB: AppArmor initialization...
         Starting Create Volatile Files and Directories...
         Starting Initial cloud-init job (pre-networking)...
         Starting Set console font and keymap...
         Starting Tell Plymouth To Write Out Runtime Data...
[[0;32m  OK  [0m] Started Commit a transient machine-id on disk.
[[0;32m  OK  [0m] Started Create Volatile Files and Directories.
[[0;32m  OK  [0m] Started Tell Plymouth To Write Out Runtime Data.
         Starting Update UTMP about System Boot/Shutdown...
[[0;32m  OK  [0m] Started Update UTMP about System Boot/Shutdown.
[[0;32m  OK  [0m] Started Set console font and keymap.
[[0;32m  OK  [0m] Created slice system-getty.slice.
[    7.335639] cloud-init[628]: Cloud-init v. 18.5-45-g3554ffe8-0ubuntu1~16.04.1 running 'init-local' at Mon, 08 Jul 2019 23:37:13 +0000. Up 7.06 seconds.
[[0;32m  OK  [0m] Started LSB: AppArmor initialization.
[[0;32m  OK  [0m] Started Initial cloud-init job (pre-networking).
[[0;32m  OK  [0m] Reached target Network (Pre).
         Starting Raise network interfaces...
[[0;32m  OK  [0m] Started Raise network interfaces.
[[0;32m  OK  [0m] Reached target Network.
         Starting Initial cloud-init job (metadata service crawler)...
[    8.295569] cloud-init[956]: Cloud-init v. 18.5-45-g3554ffe8-0ubuntu1~16.04.1 running 'init' at Mon, 08 Jul 2019 23:37:14 +0000. Up 7.77 seconds.
[    8.297409] cloud-init[956]: ci-info: ++++++++++++++++++++++++++++++++++++++Net device info+++++++++++++++++++++++++++++++++++++++
[    8.306630] cloud-init[956]: ci-info: +--------+-------+----------------------------+---------------+--------+-------------------+
[    8.308268] cloud-init[956]: ci-info: | Device |   Up  |          Address           |      Mask     | Scope  |     Hw-Address    |
[    8.320347] cloud-init[956]: ci-info: +--------+-------+----------------------------+---------------+--------+-------------------+
[    8.328282] cloud-init[956]: ci-info: | enp0s3 |  True |         10.0.2.15          | 255.255.255.0 | global | 02:6d:cd:79:6e:19 |
[    8.329835] cloud-init[956]: ci-info: | enp0s3 |  True | fe80::6d:cdff:fe79:6e19/64 |       .       |  link  | 02:6d:cd:79:6e:19 |
[    8.331368] cloud-init[956]: ci-info: | enp0s8 | False |             .              |       .       |   .    | 08:00:27:7e:b6:e3 |
[[0;32m  OK  [0m] Started Initial cloud-init job (metadata service crawler).
[[0;32m  OK  [0m] Reached target Network is Online.
[    8.346332] cloud-init[956]: ci-info: |   lo   |  True |         127.0.0.1          |   255.0.0.0   |  host  |         .         |
[    8.357106] cloud-init[956]: ci-info: |   lo   |  True |          ::1/128           |       .       |  host  |         .         |
[    8.364431] cloud-init[956]: ci-info: +--------+-------+----------------------------+---------------+--------+-------------------+
[    8.368794]          Starting iSCSI initiator daemon (iscsid)...
[[0;32m  OK  [0m] Reached target Cloud-config availability.
[[0;32m  OK  [0m] Reached target System Initialization.
[[0;32m  OK  [0m] Listening on D-Bus System Message Bus Socket.
[[0;32m  OK  [0m] Started Daily Cleanup of Temporary Directories.
[[0;32m  OK  [0m] Listening on ACPID Listen Socket.
         Starting LXD - unix socket.
[[0;32m  OK  [0m] Started ACPI Events Check.
[[0;32m  OK  [0m] Reached target Paths.
         Starting Socket activation for snappy daemon.
[[0;32m  OK  [0m] Listening on UUID daemon activation socket.
[[0;32m  OK  [0m] Started Daily apt download activities.
[[0;32m  OK  [0m] Started Daily apt upgrade and clean activities.
[[0;32m  OK  [0m] Reached target Timers.
[[0;32m  OK  [0m] Listening on LXD - unix socket.
cloud-init[956]: ci-info: +++++++++++++++++++++++++++Route IPv4 info++++++++++++++++++++++++++++
[    8.379164] cloud-init[956]: ci-info: +-------+-------------+----------+---------------+-----------+-------+[[0;32m  OK  [0m] Listening on Socket activation for snappy daemon.
[[0;32m  OK  [0m] Reached target Sockets.
[[0;32m  OK  [0m] Reached target Basic System.
         Starting System Logging Service...
         Starting Accounts Service...

[[0;32m  OK  [0m] Started D-Bus System Message Bus.
[    8.383250] cloud-init[956]: ci-info: | Route | Destination | Gateway  |    Genmask    | Interface | Flags |
[    8.392465] cloud-init[956]: ci-info: +-------+-------------+----------+---------------+-----------+-------+
[    8.394938] cloud-init[956]: ci-info: |   0   |   0.0.0.0   | 10.0.2.2 |    0.0.0.0    |   enp0s3  |   UG  |
[    8.397383] cloud-init[956]: ci-info: |   1   |   10.0.2.0  | 0.0.0.0  | 255.255.255.0 |   enp0s3  |   U   |
[    8.399392] cloud-init[956]: ci-info: +-------+-------------+----------+---------------+-----------+-------+
[    8.403158] cloud-init[956]: ci-info: +++++++++++++++++++Route IPv6 info+++++++++++++++++++         Starting LSB: Record successful boot for GRUB...
[[0;32m  OK  [0m] Started FUSE filesystem for LXC.
         Starting Login Service...
         Starting Virtualbox guest utils...
[[0;32m  OK  [0m] Started ACPI event daemon.
         Starting /etc/rc.local Compatibility...
[[0;32m  OK  [0m] Started Deferred execution scheduler.
[[0;32m  OK  [0m] Started Regular background program processing daemon.
         Starting LXD - container startup/shutdown...
         Starting LSB: MD monitoring daemon...
         Starting Snappy daemon...
         Starting Pollinate to seed the pseudo random number generator...
[[0;32m  OK  [0m] Started iSCSI initiator daemon (iscsid).
[[0;32m  OK  [0m] Started /etc/rc.local Compatibility.
[[0;32m  OK  [0m] Started System Logging Service.

[    8.450968] cloud-init[956]: ci-info: +-------+-------------+---------+-----------+-------+
[    8.462273] cloud-init[956]: ci-info: | Route | Destination | Gateway | Interface | Flags |
[    8.464469] cloud-init[956]: ci-info: +-------+-------------+---------+-----------+-------+
[    8.466411] cloud-init[956]: ci-info: |   0   |  fe80::/64  |    ::   |   enp0s3  |   U   |         Starting Login to default iSCSI targets...
[[0;32m  OK  [0m] Started Login Service.
[[0;32m  OK  [0m] Started Unattended Upgrades Shutdown.

[    8.485241] cloud-init[956]: ci-info: |   3   |   ff00::/8  |    ::   |   enp0s3  |   U   |
         Starting Authenticate and Authorize Users to Run Privileged Tasks...
[    8.519760] cloud-init[956]: ci-info: +-------+-------------+---------+-----------+-------+
[[0;32m  OK  [0m] Started Login to default iSCSI targets.
[[0;32m  OK  [0m] Started LSB: Record successful boot for GRUB.
[    8.538749] cloud-init[956]: Generating public/private rsa key pair.
[    8.551577] cloud-init[956]: Your identification has been saved in /etc/ssh/ssh_host_rsa_key.
[[0;32m  OK  [0m] Started Authenticate and Authorize Users to Run Privileged Tasks.
[[0;32m  OK  [0m] Started Accounts Service.
[[0;32m  OK  [0m] Reached target Remote File Systems (Pre).
[[0;32m  OK  [0m] Reached target Remote File Systems.
[    8.560438] cloud-init[956]: Your public key has been saved in /etc/ssh/ssh_host_rsa_key.pub.
[    8.580508] cloud-init[956]: The key fingerprint is:
[    8.581919] cloud-init[956]: SHA256:cEHgoWKiVvfdE+RhY8rY0hAy00vm500y1JXYqjMm41k root@ubuntu-xenial
[    8.588471] cloud-init[956]: The key's randomart image is:
[    8.589878] cloud-init[956]: +---[RSA 2048]----+
[    8.591359] cloud-init[956]: |     ++=+ .*+..  |
[    8.604486] cloud-init[956]: |     o+=*o*ooo   |
[    8.604543] cloud-init[956]: |. o...*o+= o.    |
[    8.604626] cloud-init[956]: |.o... .=o+.o.    |
[    8.606811] cloud-init[956]: |..     .S.*o     |
[    8.607154] cloud-init         Starting LSB: daemon to balance interrupts for SMP systems...
         Starting LSB: Set the CPU Frequency Scaling governor to "ondemand"...
         Starting Permit User Sessions...
         Starting LSB: automatic crash report generation...
[[0;32m  OK  [0m] Started LSB: MD monitoring daemon.
[956]: |.      o E ..    |
[    8.613896] cloud-init[956]: |      . * o      |
[[0;32m  OK  [0m] Started Permit User Sessions.
         Starting Terminate Plymouth Boot Screen...
         Starting Hold until boot process finishes up...
[[0;32m  OK  [0m] Started Hold until boot process finishes up.
[    8.633736] cloud-init[956]: |       o         |
[    8.646831] cloud-init[956]: |                 |
[    8.647697] cloud-init[956]: +----[SHA256]-----+
[    8.651266] cloud-init[956]: Generating public/private dsa key pair.
[    8.652049] cloud-init[956]: Your identification has been saved in /etc/ssh/ssh_host_dsa_key.
[    8.654510] cloud-init[956]: Your public key has been saved in /etc/ssh/ssh_host_dsa_key.pub.
[    8.656218] [[0;32m  OK  [0m] Started Serial Getty on ttyS0.
cloud-init[956]: The key fingerprint is:
[[0;32m  OK  [0m] Started Getty on tty1.
[[0;32m  OK  [0m] Reached target Login Prompts.
         Starting Set console scheme...
[[0;32m  OK  [0m] Started Terminate Plymouth Boot Screen.
[    8.669139] cloud-init[956]: SHA256:U3uuQ9lsIjlq3/oPR+WAQy7gv6C7zG4VkkGbBcLvNz4 root@ubuntu-xenial[
[0;32m  OK  [0m] Started Set console scheme.
[    8.678634] cloud-init[956]: The key's randomart image is:
[    8.688704] [[0;32m  OK  [0m] Started LSB: Set the CPU Frequency Scaling governor to "ondemand".
cloud-init[956]: +---[DSA 1024]----+
[    8.691232] cloud-init[956]: | ...o.o   .      |[[0;32m  OK  [0m] Started LSB: automatic crash report generation.

[    8.702862] cloud-init[956]: |  ...= . o .     |
[    8.704457] cloud-init[956]: |   .oo. . = . .  |
[[0;32m  OK  [0m] Started LSB: daemon to balance interrupts for SMP systems.
[    8.710385] [[0;32m  OK  [0m] Started Virtualbox guest utils.
cloud-init[956]: |    + .. o o +   |
[    8.711585] cloud-init[956]: |   . ...S..+o .  |
[    8.712635] cloud-init[956]: |    ..+.+o+++    |
[    8.714197] [[0;32m  OK  [0m] Started LXD - container startup/shutdown.
cloud-init[956]: |    .+ o.+.oo    |
[    8.715797] cloud-init[956]: |   o..E  ..+     |
[    8.717082] cloud-init[956]: |   o*o ooo+o.    |
[    8.724321] cloud-init[956]: +----[SHA256]-----+
[    8.725687] cloud-init[956]: Generating public/private ecdsa key pair.
[    8.727242] cloud-init[956]: Your identification has been saved in /etc/ssh/ssh_host_ecdsa_key.
[    8.729450] cloud-init[956]: Your public key has been saved in /etc/ssh/ssh_host_ecdsa_key.pub.
[    8.732753] cloud-init[956]: The key fingerprint is:
[    8.733971] cloud-init[956]: SHA256:xelINb19wTGGmDIVR0rLbKwO0U80e1CSweqYdEO4IQg root@ubuntu-xenial
[    8.740374] cloud-init[956]: The key's randomart image is:
[    8.741590] cloud-init[956]: +---[ECDSA 256]---+
[    8.742924] cloud-init[956]: | E. .   . =@O+o+.|
[    8.755126] cloud-init[956]: |   . . o.**BX..o.|
[    8.758278] cloud-init[956]: |      ..=.BX +  .|
[    8.764430] cloud-init[956]: |       +.B= o . .|
[    8.772786] cloud-init[956]: |      ..S.o.   . |
[    8.773567] cloud-init[956]: |       oo.       |
[    8.774490] cloud-init[956]: |         .       |
[    8.775411] cloud-init[956]: |                 |
[    8.784257] cloud-init[956]: |                 |
[[0;32m  OK  [0m] Started Snappy daemon.
[    8.799077] cloud-init[956]: +----[SHA256]-----+
[    8.802700] cloud-init[956]: Generating public/private ed25519 key pair.
[    8.804367] cloud-init[956]: Your identification has been saved in /etc/ssh/ssh_host_ed25519_key.
[    8.806279] cloud-init[956]: Your public key has been saved in /etc/ssh/ssh_host_ed25519_key.pub.
[    8.809788] cloud-init[956]: The key fingerprint is:
         Starting Wait until snapd is fully seeded...
[    8.820354] cloud-init[956]: SHA256:uVbz3j1E5wlD2y9uVaha2v7iOSpk07wDdtjCjonJTd0 root@ubuntu-xenial
[    8.831982] cloud-init[956]: The key's randomart image is:
[    8.835777] cloud-init[956]: +--[ED25519 256]--+
[    8.837412] cloud-init[956]: |                 |
[    8.844379] cloud-init[956]: |             .   |
[    8.846456] cloud-init[956]: |            . o. |
[    8.849816] cloud-init[956]: |         .   +.oo|
[    8.851021] cloud-init[956]: |       oS*o  .+.=|
[    8.851903] cloud-init[956]: |      . @oEoo .o+|
[    8.852990] cloud-init[956]: |   . = Bo= *...o |
[    8.853949] cloud-init[956]: |    + +.o =.+ooo |
[    8.855033] cloud-init[956]: |         ..===o o|
[    8.855972] cloud-init[956]: +----[SHA256]-----+
[[0;32m  OK  [0m] Started Pollinate to seed the pseudo random number generator.
         Starting OpenBSD Secure Shell server...
[[0;32m  OK  [0m] Started OpenBSD Secure Shell server.
[[0;32m  OK  [0m] Started Wait until snapd is fully seeded.
         Starting Apply the settings specified in cloud-config...
[[0;32m  OK  [0m] Reached target Multi-User System.
[[0;32m  OK  [0m] Reached target Graphical Interface.
         Starting Update UTMP about System Runlevel Changes...
[[0;32m  OK  [0m] Started Update UTMP about System Runlevel Changes.
[[0;32m  OK  [0m] Created slice User Slice of vagrant.
         Starting User Manager for UID 1000...
[[0;32m  OK  [0m] Started Session 1 of user vagrant.
[[0;32m  OK  [0m] Started User Manager for UID 1000.
[   12.309752] cloud-init[1307]: Generating locales (this might take a while)...
[   13.043714] cloud-init[1307]:   en_US.UTF-8... done
[   13.045124] cloud-init[1307]: Generation complete.
[   13.288565] cloud-init[1307]: Cloud-init v. 18.5-45-g3554ffe8-0ubuntu1~16.04.1 running 'modules:config' at Mon, 08 Jul 2019 23:37:19 +0000. Up 12.21 seconds.
[[0;32m  OK  [0m] Started Apply the settings specified in cloud-config.
         Starting Execute cloud user/final scripts...
         Stopping User Manager for UID 1000...
ci-info: no authorized ssh keys fingerprints found for user ubuntu.
<14>Jul  8 23:37:20 ec2: 
<14>Jul  8 23:37:20 ec2: #############################################################
<14>Jul  8 23:37:20 ec2: -----BEGIN SSH HOST KEY FINGERPRINTS-----
<14>Jul  8 23:37:20 ec2: 1024 SHA256:U3uuQ9lsIjlq3/oPR+WAQy7gv6C7zG4VkkGbBcLvNz4 root@ubuntu-xenial (DSA)
<14>Jul  8 23:37:20 ec2: 256 SHA256:xelINb19wTGGmDIVR0rLbKwO0U80e1CSweqYdEO4IQg root@ubuntu-xenial (ECDSA)
<14>Jul  8 23:37:20 ec2: 256 SHA256:uVbz3j1E5wlD2y9uVaha2v7iOSpk07wDdtjCjonJTd0 root@ubuntu-xenial (ED25519)
<14>Jul  8 23:37:20 ec2: 2048 SHA256:cEHgoWKiVvfdE+RhY8rY0hAy00vm500y1JXYqjMm41k root@ubuntu-xenial (RSA)
<14>Jul  8 23:37:20 ec2: -----END SSH HOST KEY FINGERPRINTS-----
<14>Jul  8 23:37:20 ec2: #############################################################
-----BEGIN SSH HOST KEY KEYS-----
ecdsa-sha2-nistp256 AAAAE2VjZHNhLXNoYTItbmlzdHAyNTYAAAAIbmlzdHAyNTYAAABBBFehEBiqbte0f54r5nKyuJKv0C8SV7g6KYkHzFx4yu3cl564keZWQYS65tghOyOqeE8dcSX9C4YQDKwCvmWqUr8= root@ubuntu-xenial
ssh-ed25519 AAAAC3NzaC1lZDI1NTE5AAAAID8C+76oBfWUH0n913nWKNAiW5sisHBgu+3ZSgoPeC7d root@ubuntu-xenial
ssh-rsa AAAAB3NzaC1yc2EAAAADAQABAAABAQC3OcysS8Pc0z7UG5oTShIiDMp2SwNak7EddzRU8dU99LQUaiGcQXMAiJh5MD51/vayIdrQYfwawt8UkRhPVx5NM0YxDd3PJodKO5p3kgIzcIlnFai7eXLiAHpv8zGwM/1aUU2Dbjx9AKnssoVEsZZM59WG4RdUXzo43yrIKx4woTzXI/YxZPxpTXhj5JwCUCD8HGJv/qPNm28fn0TXsIyBmmwGoQgAuVcq1bqRXWP9NI4w7Z22z5j3EYer7AVscChiXgiLgOo1Wx2uOe3kVMyf1KLEwjr1Bbu7qYB5yB0IZzinqafpmRqFp2XtzQL6ZBE0czDH88jBshoueQqErhoz root@ubuntu-xenial
-----END SSH HOST KEY KEYS-----
[   13.701591] cloud-init[1491]: Cloud-init v. 18.5-45-g3554ffe8-0ubuntu1~16.04.1 running 'modules:final' at Mon, 08 Jul 2019 23:37:20 +0000. Up 13.55 seconds.
[   13.701985] cloud-init[1491]: ci-info: no authorized ssh keys fingerprints found for user ubuntu.
[   13.702174] cloud-init[1491]: Cloud-init v. 18.5-45-g3554ffe8-0ubuntu1~16.04.1 finished at Mon, 08 Jul 2019 23:37:20 +0000. Datasource DataSourceNoCloud [seed=/dev/sdb][dsmode=net].  Up 13.69 seconds

Ubuntu 16.04.6 LTS ubuntu-xenial ttyS0

ubuntu-xenial login: 